// Jest Snapshot v1, https://goo.gl/fbAQLP

exports[`should correct render Expenses Summary with 1 expense 1`] = `
<div
  className="page-header"
>
  <div
    className="content-container"
  >
    <h1
      className="page-header__title"
    >
      <span>
        Viewing  
        1
         
      </span>
      expense
      <span>
         totalling 
        $2.35
      </span>
    </h1>
    <div
      className="page-header__actions"
    >
      <Link
        className="button"
        replace={false}
        to="/create"
      >
        Add Expense 
      </Link>
    </div>
  </div>
</div>
`;

exports[`should correct render Expenses Summary with 1 expense 2`] = `
<div
  className="page-header"
>
  <div
    className="content-container"
  >
    <h1
      className="page-header__title"
    >
      <span>
        Viewing  
        23
         
      </span>
      expenses
      <span>
         totalling 
        $23,566.56
      </span>
    </h1>
    <div
      className="page-header__actions"
    >
      <Link
        className="button"
        replace={false}
        to="/create"
      >
        Add Expense 
      </Link>
    </div>
  </div>
</div>
`;
